Test file to add remotely to git
C:\Users\0018AT744>cd gitWorkshop
The system cannot find the path specified.

C:\Users\0018AT744>cd../..

C:\>cd C:\GitTraining

C:\GitTraining>git init
Reinitialized existing Git repository in C:/GitTraining/.git/

C:\GitTraining>
error: remote origin already exists.

C:\GitTraining>git remote -v
origin  https://github.com/poojasix/GitTraining (fetch)
origin  https://github.com/poojasix/GitTraining (push)

C:\GitTraining>git add test1.txt
fatal: pathspec 'test1.txt' did not match any files

C:\GitTraining>git add test 1.txt
fatal: pathspec 'test' did not match any files

C:\GitTraining>git add test
fatal: pathspec 'test' did not match any files

C:\GitTraining>git add test.txt

C:\GitTraining>git commit -m "first commit"
[master (root-commit) c52affe] first commit
 Committer: Kriti Kashyap <kriti.kashyap@ibm.com>
Your name and email address were configured automatically based
on your username and hostname. Please check that they are accurate.
You can suppress this message by setting them explicitly. Run the
following command and follow the instructions in your editor to edit
your configuration file:

    git config --global --edit

After doing this, you may fix the identity used for this commit with:

    git commit --amend --reset-author

 1 file changed, 1 insertion(+)
 create mode 100644 test.txt

C:\GitTraining>git push origin Kriti
error: src refspec Kriti does not match any
error: failed to push some refs to 'https://github.com/poojasix/GitTraining'

C:\GitTraining>git push origin Kri
error: src refspec Kri does not match any
error: failed to push some refs to 'https://github.com/poojasix/GitTraining'

C:\GitTraining>git push origin
fatal: The current branch master has no upstream branch.
To push the current branch and set the remote as upstream, use

    git push --set-upstream origin master

To have this happen automatically for branches without a tracking
upstream, see 'push.autoSetupRemote' in 'git help config'.


C:\GitTraining>git push origin Orgin/Kriti
error: src refspec Orgin/Kriti does not match any
error: failed to push some refs to 'https://github.com/poojasix/GitTraining'

C:\GitTraining>git push origin Kriti
error: src refspec Kriti does not match any
error: failed to push some refs to 'https://github.com/poojasix/GitTraining'

C:\GitTraining>
C:\GitTraining>git push --set-upstream origin Kriti
error: src refspec Kriti does not match any
error: failed to push some refs to 'https://github.com/poojasix/GitTraining'

C:\GitTraining>git push origin Dev
error: src refspec Dev does not match any
error: failed to push some refs to 'https://github.com/poojasix/GitTraining'

C:\GitTraining>git push --set-upstream origin "Kriti"
error: src refspec Kriti does not match any
error: failed to push some refs to 'https://github.com/poojasix/GitTraining'

C:\GitTraining>git push --set-upstream origin Kriti
error: src refspec Kriti does not match any
error: failed to push some refs to 'https://github.com/poojasix/GitTraining'

C:\GitTraining>git remote -v
origin  https://github.com/poojasix/GitTraining (fetch)
origin  https://github.com/poojasix/GitTraining (push)

C:\GitTraining>git checkout -b "Kriti1"
Switched to a new branch 'Kriti1'

C:\GitTraining>git status
On branch Kriti1
nothing to commit, working tree clean

C:\GitTraining>git add .

C:\GitTraining>git commit -m "First Commit"
On branch Kriti1
nothing to commit, working tree clean

C:\GitTraining>git push origin Kriti1
